0 verbose cli C:\nvm4w\nodejs\node.exe C:\Users\HP\AppData\Roaming\npm\node_modules\npm\bin\npm-cli.js
1 info using npm@11.4.2
2 info using node@v22.17.0
3 silly config load:file:C:\Users\HP\AppData\Roaming\npm\node_modules\npm\npmrc
4 silly config load:file:D:\Projects\RETRIBUSI\retribusi-api\wa-gateway\.npmrc
5 silly config load:file:C:\Users\HP\.npmrc
6 silly config load:file:C:\Users\HP\AppData\Roaming\npm\etc\npmrc
7 verbose title npm install
8 verbose argv "install"
9 verbose logfile logs-max:10 dir:D:\Projects\RETRIBUSI\retribusi-api\wa-gateway\.npm-cache\_logs\2026-04-28T12_56_56_781Z-
10 verbose logfile D:\Projects\RETRIBUSI\retribusi-api\wa-gateway\.npm-cache\_logs\2026-04-28T12_56_56_781Z-debug-0.log
11 silly logfile done cleaning log files
12 silly packumentCache heap:4345298944 maxSize:1086324736 maxEntrySize:543162368
13 silly idealTree buildDeps
14 verbose shrinkwrap failed to load node_modules/.package-lock.json out of date, updated: node_modules
15 http fetch GET https://registry.npmjs.org/npm attempt 1 failed with EACCES
16 silly reify mark retired [
16 silly reify   'D:\\Projects\\RETRIBUSI\\retribusi-api\\wa-gateway\\node_modules\\libsignal\\node_modules\\protobufjs',
16 silly reify   'D:\\Projects\\RETRIBUSI\\retribusi-api\\wa-gateway\\node_modules\\libsignal\\node_modules\\.bin\\pbjs',
16 silly reify   'D:\\Projects\\RETRIBUSI\\retribusi-api\\wa-gateway\\node_modules\\libsignal\\node_modules\\.bin\\pbjs.cmd',
16 silly reify   'D:\\Projects\\RETRIBUSI\\retribusi-api\\wa-gateway\\node_modules\\libsignal\\node_modules\\.bin\\pbjs.ps1',
16 silly reify   'D:\\Projects\\RETRIBUSI\\retribusi-api\\wa-gateway\\node_modules\\libsignal\\node_modules\\.bin\\pbts',
16 silly reify   'D:\\Projects\\RETRIBUSI\\retribusi-api\\wa-gateway\\node_modules\\libsignal\\node_modules\\.bin\\pbts.cmd',
16 silly reify   'D:\\Projects\\RETRIBUSI\\retribusi-api\\wa-gateway\\node_modules\\libsignal\\node_modules\\.bin\\pbts.ps1'
16 silly reify ]
17 silly reify mark retired [
17 silly reify   'D:\\Projects\\RETRIBUSI\\retribusi-api\\wa-gateway\\node_modules\\pino',
17 silly reify   'D:\\Projects\\RETRIBUSI\\retribusi-api\\wa-gateway\\node_modules\\.bin\\pino',
17 silly reify   'D:\\Projects\\RETRIBUSI\\retribusi-api\\wa-gateway\\node_modules\\.bin\\pino.cmd',
17 silly reify   'D:\\Projects\\RETRIBUSI\\retribusi-api\\wa-gateway\\node_modules\\.bin\\pino.ps1'
17 silly reify ]
18 silly reify mark retired [
18 silly reify   'D:\\Projects\\RETRIBUSI\\retribusi-api\\wa-gateway\\node_modules\\qrcode-terminal',
18 silly reify   'D:\\Projects\\RETRIBUSI\\retribusi-api\\wa-gateway\\node_modules\\.bin\\qrcode-terminal',
18 silly reify   'D:\\Projects\\RETRIBUSI\\retribusi-api\\wa-gateway\\node_modules\\.bin\\qrcode-terminal.cmd',
18 silly reify   'D:\\Projects\\RETRIBUSI\\retribusi-api\\wa-gateway\\node_modules\\.bin\\qrcode-terminal.ps1'
18 silly reify ]
19 silly reify mark retired [
19 silly reify   'D:\\Projects\\RETRIBUSI\\retribusi-api\\wa-gateway\\node_modules\\semver',
19 silly reify   'D:\\Projects\\RETRIBUSI\\retribusi-api\\wa-gateway\\node_modules\\.bin\\semver',
19 silly reify   'D:\\Projects\\RETRIBUSI\\retribusi-api\\wa-gateway\\node_modules\\.bin\\semver.cmd',
19 silly reify   'D:\\Projects\\RETRIBUSI\\retribusi-api\\wa-gateway\\node_modules\\.bin\\semver.ps1'
19 silly reify ]
20 silly reify mark retired [
20 silly reify   'D:\\Projects\\RETRIBUSI\\retribusi-api\\wa-gateway\\node_modules\\@whiskeysockets\\baileys\\node_modules\\pino',
20 silly reify   'D:\\Projects\\RETRIBUSI\\retribusi-api\\wa-gateway\\node_modules\\@whiskeysockets\\baileys\\node_modules\\.bin\\pino',
20 silly reify   'D:\\Projects\\RETRIBUSI\\retribusi-api\\wa-gateway\\node_modules\\@whiskeysockets\\baileys\\node_modules\\.bin\\pino.cmd',
20 silly reify   'D:\\Projects\\RETRIBUSI\\retribusi-api\\wa-gateway\\node_modules\\@whiskeysockets\\baileys\\node_modules\\.bin\\pino.ps1'
20 silly reify ]
21 silly reify moves {
21 silly reify   'D:\\Projects\\RETRIBUSI\\retribusi-api\\wa-gateway\\node_modules\\libsignal\\node_modules\\protobufjs': 'D:\\Projects\\RETRIBUSI\\retribusi-api\\wa-gateway\\node_modules\\libsignal\\node_modules\\.protobufjs-VsnoJXT8',
21 silly reify   'D:\\Projects\\RETRIBUSI\\retribusi-api\\wa-gateway\\node_modules\\libsignal\\node_modules\\.bin\\pbjs': 'D:\\Projects\\RETRIBUSI\\retribusi-api\\wa-gateway\\node_modules\\libsignal\\node_modules\\.bin\\.pbjs-wSWtkGi2',
21 silly reify   'D:\\Projects\\RETRIBUSI\\retribusi-api\\wa-gateway\\node_modules\\libsignal\\node_modules\\.bin\\pbjs.cmd': 'D:\\Projects\\RETRIBUSI\\retribusi-api\\wa-gateway\\node_modules\\libsignal\\node_modules\\.bin\\.pbjs.cmd-gXiH0mje',
21 silly reify   'D:\\Projects\\RETRIBUSI\\retribusi-api\\wa-gateway\\node_modules\\libsignal\\node_modules\\.bin\\pbjs.ps1': 'D:\\Projects\\RETRIBUSI\\retribusi-api\\wa-gateway\\node_modules\\libsignal\\node_modules\\.bin\\.pbjs.ps1-1iBtKp6D',
21 silly reify   'D:\\Projects\\RETRIBUSI\\retribusi-api\\wa-gateway\\node_modules\\libsignal\\node_modules\\.bin\\pbts': 'D:\\Projects\\RETRIBUSI\\retribusi-api\\wa-gateway\\node_modules\\libsignal\\node_modules\\.bin\\.pbts-L38TgftP',
21 silly reify   'D:\\Projects\\RETRIBUSI\\retribusi-api\\wa-gateway\\node_modules\\libsignal\\node_modules\\.bin\\pbts.cmd': 'D:\\Projects\\RETRIBUSI\\retribusi-api\\wa-gateway\\node_modules\\libsignal\\node_modules\\.bin\\.pbts.cmd-IuxQFJZ1',
21 silly reify   'D:\\Projects\\RETRIBUSI\\retribusi-api\\wa-gateway\\node_modules\\libsignal\\node_modules\\.bin\\pbts.ps1': 'D:\\Projects\\RETRIBUSI\\retribusi-api\\wa-gateway\\node_modules\\libsignal\\node_modules\\.bin\\.pbts.ps1-4ImUrhRv',
21 silly reify   'D:\\Projects\\RETRIBUSI\\retribusi-api\\wa-gateway\\node_modules\\pino': 'D:\\Projects\\RETRIBUSI\\retribusi-api\\wa-gateway\\node_modules\\.pino-qVRAE0p2',
21 silly reify   'D:\\Projects\\RETRIBUSI\\retribusi-api\\wa-gateway\\node_modules\\.bin\\pino': 'D:\\Projects\\RETRIBUSI\\retribusi-api\\wa-gateway\\node_modules\\.bin\\.pino-Ma1OZXxY',
21 silly reify   'D:\\Projects\\RETRIBUSI\\retribusi-api\\wa-gateway\\node_modules\\.bin\\pino.cmd': 'D:\\Projects\\RETRIBUSI\\retribusi-api\\wa-gateway\\node_modules\\.bin\\.pino.cmd-bumtT3Yu',
21 silly reify   'D:\\Projects\\RETRIBUSI\\retribusi-api\\wa-gateway\\node_modules\\.bin\\pino.ps1': 'D:\\Projects\\RETRIBUSI\\retribusi-api\\wa-gateway\\node_modules\\.bin\\.pino.ps1-GAmMuPxi',
21 silly reify   'D:\\Projects\\RETRIBUSI\\retribusi-api\\wa-gateway\\node_modules\\qrcode-terminal': 'D:\\Projects\\RETRIBUSI\\retribusi-api\\wa-gateway\\node_modules\\.qrcode-terminal-NfBp8BLe',
21 silly reify   'D:\\Projects\\RETRIBUSI\\retribusi-api\\wa-gateway\\node_modules\\.bin\\qrcode-terminal': 'D:\\Projects\\RETRIBUSI\\retribusi-api\\wa-gateway\\node_modules\\.bin\\.qrcode-terminal-6iKKWn7v',
21 silly reify   'D:\\Projects\\RETRIBUSI\\retribusi-api\\wa-gateway\\node_modules\\.bin\\qrcode-terminal.cmd': 'D:\\Projects\\RETRIBUSI\\retribusi-api\\wa-gateway\\node_modules\\.bin\\.qrcode-terminal.cmd-19qxG0Lm',
21 silly reify   'D:\\Projects\\RETRIBUSI\\retribusi-api\\wa-gateway\\node_modules\\.bin\\qrcode-terminal.ps1': 'D:\\Projects\\RETRIBUSI\\retribusi-api\\wa-gateway\\node_modules\\.bin\\.qrcode-terminal.ps1-5PyjvrUR',
21 silly reify   'D:\\Projects\\RETRIBUSI\\retribusi-api\\wa-gateway\\node_modules\\semver': 'D:\\Projects\\RETRIBUSI\\retribusi-api\\wa-gateway\\node_modules\\.semver-aKkLZhbY',
21 silly reify   'D:\\Projects\\RETRIBUSI\\retribusi-api\\wa-gateway\\node_modules\\.bin\\semver': 'D:\\Projects\\RETRIBUSI\\retribusi-api\\wa-gateway\\node_modules\\.bin\\.semver-UJPgKUVj',
21 silly reify   'D:\\Projects\\RETRIBUSI\\retribusi-api\\wa-gateway\\node_modules\\.bin\\semver.cmd': 'D:\\Projects\\RETRIBUSI\\retribusi-api\\wa-gateway\\node_modules\\.bin\\.semver.cmd-5JJl7nOD',
21 silly reify   'D:\\Projects\\RETRIBUSI\\retribusi-api\\wa-gateway\\node_modules\\.bin\\semver.ps1': 'D:\\Projects\\RETRIBUSI\\retribusi-api\\wa-gateway\\node_modules\\.bin\\.semver.ps1-gCIdgve9',
21 silly reify   'D:\\Projects\\RETRIBUSI\\retribusi-api\\wa-gateway\\node_modules\\@whiskeysockets\\baileys\\node_modules\\pino': 'D:\\Projects\\RETRIBUSI\\retribusi-api\\wa-gateway\\node_modules\\@whiskeysockets\\baileys\\node_modules\\.pino-w3FAGUgo',
21 silly reify   'D:\\Projects\\RETRIBUSI\\retribusi-api\\wa-gateway\\node_modules\\@whiskeysockets\\baileys\\node_modules\\.bin\\pino': 'D:\\Projects\\RETRIBUSI\\retribusi-api\\wa-gateway\\node_modules\\@whiskeysockets\\baileys\\node_modules\\.bin\\.pino-Z0cnrbRa',
21 silly reify   'D:\\Projects\\RETRIBUSI\\retribusi-api\\wa-gateway\\node_modules\\@whiskeysockets\\baileys\\node_modules\\.bin\\pino.cmd': 'D:\\Projects\\RETRIBUSI\\retribusi-api\\wa-gateway\\node_modules\\@whiskeysockets\\baileys\\node_modules\\.bin\\.pino.cmd-j53pPbwi',
21 silly reify   'D:\\Projects\\RETRIBUSI\\retribusi-api\\wa-gateway\\node_modules\\@whiskeysockets\\baileys\\node_modules\\.bin\\pino.ps1': 'D:\\Projects\\RETRIBUSI\\retribusi-api\\wa-gateway\\node_modules\\@whiskeysockets\\baileys\\node_modules\\.bin\\.pino.ps1-UcqFjfcD'
21 silly reify }
22 silly audit bulk request {
22 silly audit   '@borewit/text-codec': [ '0.2.1' ],
22 silly audit   '@cacheable/memory': [ '2.0.7' ],
22 silly audit   '@cacheable/node-cache': [ '1.7.6' ],
22 silly audit   '@cacheable/utils': [ '2.3.4' ],
22 silly audit   '@emnapi/runtime': [ '1.8.1' ],
22 silly audit   '@hapi/boom': [ '9.1.4' ],
22 silly audit   '@hapi/hoek': [ '9.3.0' ],
22 silly audit   '@img/colour': [ '1.0.0' ],
22 silly audit   '@img/sharp-darwin-arm64': [ '0.34.5' ],
22 silly audit   '@img/sharp-darwin-x64': [ '0.34.5' ],
22 silly audit   '@img/sharp-libvips-darwin-arm64': [ '1.2.4' ],
22 silly audit   '@img/sharp-libvips-darwin-x64': [ '1.2.4' ],
22 silly audit   '@img/sharp-libvips-linux-arm': [ '1.2.4' ],
22 silly audit   '@img/sharp-libvips-linux-arm64': [ '1.2.4' ],
22 silly audit   '@img/sharp-libvips-linux-ppc64': [ '1.2.4' ],
22 silly audit   '@img/sharp-libvips-linux-riscv64': [ '1.2.4' ],
22 silly audit   '@img/sharp-libvips-linux-s390x': [ '1.2.4' ],
22 silly audit   '@img/sharp-libvips-linux-x64': [ '1.2.4' ],
22 silly audit   '@img/sharp-libvips-linuxmusl-arm64': [ '1.2.4' ],
22 silly audit   '@img/sharp-libvips-linuxmusl-x64': [ '1.2.4' ],
22 silly audit   '@img/sharp-linux-arm': [ '0.34.5' ],
22 silly audit   '@img/sharp-linux-arm64': [ '0.34.5' ],
22 silly audit   '@img/sharp-linux-ppc64': [ '0.34.5' ],
22 silly audit   '@img/sharp-linux-riscv64': [ '0.34.5' ],
22 silly audit   '@img/sharp-linux-s390x': [ '0.34.5' ],
22 silly audit   '@img/sharp-linux-x64': [ '0.34.5' ],
22 silly audit   '@img/sharp-linuxmusl-arm64': [ '0.34.5' ],
22 silly audit   '@img/sharp-linuxmusl-x64': [ '0.34.5' ],
22 silly audit   '@img/sharp-wasm32': [ '0.34.5' ],
22 silly audit   '@img/sharp-win32-arm64': [ '0.34.5' ],
22 silly audit   '@img/sharp-win32-ia32': [ '0.34.5' ],
22 silly audit   '@img/sharp-win32-x64': [ '0.34.5' ],
22 silly audit   '@keyv/bigmap': [ '1.3.1' ],
22 silly audit   '@keyv/serialize': [ '1.1.1' ],
22 silly audit   '@pinojs/redact': [ '0.4.0' ],
22 silly audit   '@protobufjs/aspromise': [ '1.1.2' ],
22 silly audit   '@protobufjs/base64': [ '1.1.2' ],
22 silly audit   '@protobufjs/codegen': [ '2.0.4' ],
22 silly audit   '@protobufjs/eventemitter': [ '1.1.0' ],
22 silly audit   '@protobufjs/fetch': [ '1.1.0' ],
22 silly audit   '@protobufjs/float': [ '1.0.2' ],
22 silly audit   '@protobufjs/inquire': [ '1.1.0' ],
22 silly audit   '@protobufjs/path': [ '1.1.2' ],
22 silly audit   '@protobufjs/pool': [ '1.1.0' ],
22 silly audit   '@protobufjs/utf8': [ '1.1.0' ],
22 silly audit   '@tokenizer/inflate': [ '0.4.1' ],
22 silly audit   '@tokenizer/token': [ '0.3.0' ],
22 silly audit   '@types/long': [ '4.0.2' ],
22 silly audit   '@types/node': [ '25.2.3', '10.17.60' ],
22 silly audit   '@whiskeysockets/baileys': [ '7.0.0-rc.9' ],
22 silly audit   pino: [ '9.14.0', '10.3.1' ],
22 silly audit   'pino-abstract-transport': [ '2.0.0', '3.0.0' ],
22 silly audit   'thread-stream': [ '3.1.0', '4.0.0' ],
22 silly audit   accepts: [ '2.0.0' ],
22 silly audit   'async-mutex': [ '0.5.0' ],
22 silly audit   asynckit: [ '0.4.0' ],
22 silly audit   'atomic-sleep': [ '1.0.0' ],
22 silly audit   axios: [ '1.13.5' ],
22 silly audit   'body-parser': [ '2.2.2' ],
22 silly audit   bytes: [ '3.1.2' ],
22 silly audit   cacheable: [ '2.3.2' ],
22 silly audit   'call-bind-apply-helpers': [ '1.0.2' ],
22 silly audit   'call-bound': [ '1.0.4' ],
22 silly audit   'combined-stream': [ '1.0.8' ],
22 silly audit   'content-disposition': [ '1.0.1' ],
22 silly audit   'content-type': [ '1.0.5' ],
22 silly audit   cookie: [ '0.7.2' ],
22 silly audit   'cookie-signature': [ '1.2.2' ],
22 silly audit   cors: [ '2.8.6' ],
22 silly audit   'curve25519-js': [ '0.0.4' ],
22 silly audit   debug: [ '4.4.3' ],
22 silly audit   'delayed-stream': [ '1.0.0' ],
22 silly audit   depd: [ '2.0.0' ],
22 silly audit   'detect-libc': [ '2.1.2' ],
22 silly audit   'dunder-proto': [ '1.0.1' ],
22 silly audit   'ee-first': [ '1.1.1' ],
22 silly audit   encodeurl: [ '2.0.0' ],
22 silly audit   'es-define-property': [ '1.0.1' ],
22 silly audit   'es-errors': [ '1.3.0' ],
22 silly audit   'es-object-atoms': [ '1.1.1' ],
22 silly audit   'es-set-tostringtag': [ '2.1.0' ],
22 silly audit   'escape-html': [ '1.0.3' ],
22 silly audit   etag: [ '1.8.1' ],
22 silly audit   eventemitter3: [ '5.0.4' ],
22 silly audit   express: [ '5.2.1' ],
22 silly audit   'file-type': [ '21.3.0' ],
22 silly audit   finalhandler: [ '2.1.1' ],
22 silly audit   'follow-redirects': [ '1.15.11' ],
22 silly audit   'form-data': [ '4.0.5' ],
22 silly audit   'mime-db': [ '1.52.0', '1.54.0' ],
22 silly audit   'mime-types': [ '2.1.35', '3.0.2' ],
22 silly audit   forwarded: [ '0.2.0' ],
22 silly audit   fresh: [ '2.0.0' ],
22 silly audit   'function-bind': [ '1.1.2' ],
22 silly audit   'get-intrinsic': [ '1.3.0' ],
22 silly audit   'get-proto': [ '1.0.1' ],
22 silly audit   gopd: [ '1.2.0' ],
22 silly audit   'has-symbols': [ '1.1.0' ],
22 silly audit   'has-tostringtag': [ '1.0.2' ],
22 silly audit   hashery: [ '1.4.0' ],
22 silly audit   hasown: [ '2.0.2' ],
22 silly audit   hookified: [ '1.15.1' ],
22 silly audit   'http-errors': [ '2.0.1' ],
22 silly audit   'iconv-lite': [ '0.7.2' ],
22 silly audit   ieee754: [ '1.2.1' ],
22 silly audit   inherits: [ '2.0.4' ],
22 silly audit   'ipaddr.js': [ '1.9.1' ],
22 silly audit   'is-promise': [ '4.0.0' ],
22 silly audit   keyv: [ '5.6.0' ],
22 silly audit   '@whiskeysockets/libsignal-node': [ '2.0.1' ],
22 silly audit   long: [ '4.0.0', '5.3.2' ],
22 silly audit   protobufjs: [ '6.8.8', '7.5.4' ],
22 silly audit   'lru-cache': [ '11.2.6' ],
22 silly audit   'math-intrinsics': [ '1.1.0' ],
22 silly audit   'media-typer': [ '1.1.0' ],
22 silly audit   'merge-descriptors': [ '2.0.0' ],
22 silly audit   ms: [ '2.1.3' ],
22 silly audit   'music-metadata': [ '11.12.0' ],
22 silly audit   negotiator: [ '1.0.0' ],
22 silly audit   'object-assign': [ '4.1.1' ],
22 silly audit   'object-inspect': [ '1.13.4' ],
22 silly audit   'on-exit-leak-free': [ '2.1.2' ],
22 silly audit   'on-finished': [ '2.4.1' ],
22 silly audit   once: [ '1.4.0' ],
22 silly audit   'p-queue': [ '9.1.0' ],
22 silly audit   'p-timeout': [ '7.0.1' ],
22 silly audit   parseurl: [ '1.3.3' ],
22 silly audit   'path-to-regexp': [ '8.3.0' ],
22 silly audit   'pino-std-serializers': [ '7.1.0' ],
22 silly audit   'process-warning': [ '5.0.0' ],
22 silly audit   'proxy-addr': [ '2.0.7' ],
22 silly audit   'proxy-from-env': [ '1.1.0' ],
22 silly audit   qified: [ '0.6.0' ],
22 silly audit   'qrcode-terminal': [ '0.12.0' ],
22 silly audit   qs: [ '6.15.0' ],
22 silly audit   'quick-format-unescaped': [ '4.0.4' ],
22 silly audit   'range-parser': [ '1.2.1' ],
22 silly audit   'raw-body': [ '3.0.2' ],
22 silly audit   'real-require': [ '0.2.0' ],
22 silly audit   router: [ '2.2.0' ],
22 silly audit   'safe-stable-stringify': [ '2.5.0' ],
22 silly audit   'safer-buffer': [ '2.1.2' ],
22 silly audit   semver: [ '7.7.4' ],
22 silly audit   send: [ '1.2.1' ],
22 silly audit   'serve-static': [ '2.2.1' ],
22 silly audit   setprototypeof: [ '1.2.0' ],
22 silly audit   sharp: [ '0.34.5' ],
22 silly audit   'side-channel': [ '1.1.0' ],
22 silly audit   'side-channel-list': [ '1.0.0' ],
22 silly audit   'side-channel-map': [ '1.0.1' ],
22 silly audit   'side-channel-weakmap': [ '1.0.2' ],
22 silly audit   'sonic-boom': [ '4.2.1' ],
22 silly audit   split2: [ '4.2.0' ],
22 silly audit   statuses: [ '2.0.2' ],
22 silly audit   strtok3: [ '10.3.4' ],
22 silly audit   toidentifier: [ '1.0.1' ],
22 silly audit   'token-types': [ '6.1.2' ],
22 silly audit   tslib: [ '2.8.1' ],
22 silly audit   'type-is': [ '2.0.1' ],
22 silly audit   'uint8array-extras': [ '1.5.0' ],
22 silly audit   'undici-types': [ '7.16.0' ],
22 silly audit   unpipe: [ '1.0.0' ],
22 silly audit   vary: [ '1.1.2' ],
22 silly audit   'win-guid': [ '0.2.1' ],
22 silly audit   wrappy: [ '1.0.2' ],
22 silly audit   ws: [ '8.19.0' ]
22 silly audit }
23 verbose reify failed optional dependency D:\Projects\RETRIBUSI\retribusi-api\wa-gateway\node_modules\@img\sharp-win32-ia32
24 silly reify mark deleted [
24 silly reify   'D:\\Projects\\RETRIBUSI\\retribusi-api\\wa-gateway\\node_modules\\@img\\sharp-win32-ia32'
24 silly reify ]
25 verbose reify failed optional dependency D:\Projects\RETRIBUSI\retribusi-api\wa-gateway\node_modules\@img\sharp-win32-arm64
26 silly reify mark deleted [
26 silly reify   'D:\\Projects\\RETRIBUSI\\retribusi-api\\wa-gateway\\node_modules\\@img\\sharp-win32-arm64'
26 silly reify ]
27 verbose reify failed optional dependency D:\Projects\RETRIBUSI\retribusi-api\wa-gateway\node_modules\@img\sharp-wasm32
28 silly reify mark deleted [
28 silly reify   'D:\\Projects\\RETRIBUSI\\retribusi-api\\wa-gateway\\node_modules\\@img\\sharp-wasm32'
28 silly reify ]
29 verbose reify failed optional dependency D:\Projects\RETRIBUSI\retribusi-api\wa-gateway\node_modules\@emnapi\runtime
30 silly reify mark deleted [
30 silly reify   'D:\\Projects\\RETRIBUSI\\retribusi-api\\wa-gateway\\node_modules\\@emnapi\\runtime'
30 silly reify ]
31 verbose reify failed optional dependency D:\Projects\RETRIBUSI\retribusi-api\wa-gateway\node_modules\@img\sharp-linuxmusl-x64
32 silly reify mark deleted [
32 silly reify   'D:\\Projects\\RETRIBUSI\\retribusi-api\\wa-gateway\\node_modules\\@img\\sharp-linuxmusl-x64'
32 silly reify ]
33 verbose reify failed optional dependency D:\Projects\RETRIBUSI\retribusi-api\wa-gateway\node_modules\@img\sharp-linuxmusl-arm64
34 silly reify mark deleted [
34 silly reify   'D:\\Projects\\RETRIBUSI\\retribusi-api\\wa-gateway\\node_modules\\@img\\sharp-linuxmusl-arm64'
34 silly reify ]
35 verbose reify failed optional dependency D:\Projects\RETRIBUSI\retribusi-api\wa-gateway\node_modules\@img\sharp-linux-x64
36 silly reify mark deleted [
36 silly reify   'D:\\Projects\\RETRIBUSI\\retribusi-api\\wa-gateway\\node_modules\\@img\\sharp-linux-x64'
36 silly reify ]
37 verbose reify failed optional dependency D:\Projects\RETRIBUSI\retribusi-api\wa-gateway\node_modules\@img\sharp-linux-s390x
38 silly reify mark deleted [
38 silly reify   'D:\\Projects\\RETRIBUSI\\retribusi-api\\wa-gateway\\node_modules\\@img\\sharp-linux-s390x'
38 silly reify ]
39 verbose reify failed optional dependency D:\Projects\RETRIBUSI\retribusi-api\wa-gateway\node_modules\@img\sharp-linux-riscv64
40 silly reify mark deleted [
40 silly reify   'D:\\Projects\\RETRIBUSI\\retribusi-api\\wa-gateway\\node_modules\\@img\\sharp-linux-riscv64'
40 silly reify ]
41 verbose reify failed optional dependency D:\Projects\RETRIBUSI\retribusi-api\wa-gateway\node_modules\@img\sharp-linux-ppc64
42 silly reify mark deleted [
42 silly reify   'D:\\Projects\\RETRIBUSI\\retribusi-api\\wa-gateway\\node_modules\\@img\\sharp-linux-ppc64'
42 silly reify ]
43 verbose reify failed optional dependency D:\Projects\RETRIBUSI\retribusi-api\wa-gateway\node_modules\@img\sharp-linux-arm64
44 silly reify mark deleted [
44 silly reify   'D:\\Projects\\RETRIBUSI\\retribusi-api\\wa-gateway\\node_modules\\@img\\sharp-linux-arm64'
44 silly reify ]
45 verbose reify failed optional dependency D:\Projects\RETRIBUSI\retribusi-api\wa-gateway\node_modules\@img\sharp-linux-arm
46 silly reify mark deleted [
46 silly reify   'D:\\Projects\\RETRIBUSI\\retribusi-api\\wa-gateway\\node_modules\\@img\\sharp-linux-arm'
46 silly reify ]
47 verbose reify failed optional dependency D:\Projects\RETRIBUSI\retribusi-api\wa-gateway\node_modules\@img\sharp-libvips-linuxmusl-x64
48 silly reify mark deleted [
48 silly reify   'D:\\Projects\\RETRIBUSI\\retribusi-api\\wa-gateway\\node_modules\\@img\\sharp-libvips-linuxmusl-x64'
48 silly reify ]
49 verbose reify failed optional dependency D:\Projects\RETRIBUSI\retribusi-api\wa-gateway\node_modules\@img\sharp-libvips-linuxmusl-arm64
50 silly reify mark deleted [
50 silly reify   'D:\\Projects\\RETRIBUSI\\retribusi-api\\wa-gateway\\node_modules\\@img\\sharp-libvips-linuxmusl-arm64'
50 silly reify ]
51 verbose reify failed optional dependency D:\Projects\RETRIBUSI\retribusi-api\wa-gateway\node_modules\@img\sharp-libvips-linux-x64
52 silly reify mark deleted [
52 silly reify   'D:\\Projects\\RETRIBUSI\\retribusi-api\\wa-gateway\\node_modules\\@img\\sharp-libvips-linux-x64'
52 silly reify ]
53 verbose reify failed optional dependency D:\Projects\RETRIBUSI\retribusi-api\wa-gateway\node_modules\@img\sharp-libvips-linux-s390x
54 silly reify mark deleted [
54 silly reify   'D:\\Projects\\RETRIBUSI\\retribusi-api\\wa-gateway\\node_modules\\@img\\sharp-libvips-linux-s390x'
54 silly reify ]
55 verbose reify failed optional dependency D:\Projects\RETRIBUSI\retribusi-api\wa-gateway\node_modules\@img\sharp-libvips-linux-riscv64
56 silly reify mark deleted [
56 silly reify   'D:\\Projects\\RETRIBUSI\\retribusi-api\\wa-gateway\\node_modules\\@img\\sharp-libvips-linux-riscv64'
56 silly reify ]
57 verbose reify failed optional dependency D:\Projects\RETRIBUSI\retribusi-api\wa-gateway\node_modules\@img\sharp-libvips-linux-ppc64
58 silly reify mark deleted [
58 silly reify   'D:\\Projects\\RETRIBUSI\\retribusi-api\\wa-gateway\\node_modules\\@img\\sharp-libvips-linux-ppc64'
58 silly reify ]
59 verbose reify failed optional dependency D:\Projects\RETRIBUSI\retribusi-api\wa-gateway\node_modules\@img\sharp-libvips-linux-arm64
60 silly reify mark deleted [
60 silly reify   'D:\\Projects\\RETRIBUSI\\retribusi-api\\wa-gateway\\node_modules\\@img\\sharp-libvips-linux-arm64'
60 silly reify ]
61 verbose reify failed optional dependency D:\Projects\RETRIBUSI\retribusi-api\wa-gateway\node_modules\@img\sharp-libvips-linux-arm
62 silly reify mark deleted [
62 silly reify   'D:\\Projects\\RETRIBUSI\\retribusi-api\\wa-gateway\\node_modules\\@img\\sharp-libvips-linux-arm'
62 silly reify ]
63 verbose reify failed optional dependency D:\Projects\RETRIBUSI\retribusi-api\wa-gateway\node_modules\@img\sharp-libvips-darwin-arm64
64 silly reify mark deleted [
64 silly reify   'D:\\Projects\\RETRIBUSI\\retribusi-api\\wa-gateway\\node_modules\\@img\\sharp-libvips-darwin-arm64'
64 silly reify ]
65 verbose reify failed optional dependency D:\Projects\RETRIBUSI\retribusi-api\wa-gateway\node_modules\@img\sharp-darwin-arm64
66 silly reify mark deleted [
66 silly reify   'D:\\Projects\\RETRIBUSI\\retribusi-api\\wa-gateway\\node_modules\\@img\\sharp-darwin-arm64'
66 silly reify ]
67 http cache @emnapi/runtime@https://registry.npmjs.org/@emnapi/runtime/-/runtime-1.8.1.tgz 1ms (cache hit)
68 http cache semver@https://registry.npmjs.org/semver/-/semver-7.7.4.tgz 0ms (cache hit)
69 http cache @img/sharp-win32-x64@https://registry.npmjs.org/@img/sharp-win32-x64/-/sharp-win32-x64-0.34.5.tgz 0ms (cache hit)
70 http cache qrcode-terminal@https://registry.npmjs.org/qrcode-terminal/-/qrcode-terminal-0.12.0.tgz 0ms (cache hit)
71 http cache pino@https://registry.npmjs.org/pino/-/pino-10.3.1.tgz 0ms (cache hit)
72 http cache pino@https://registry.npmjs.org/pino/-/pino-9.14.0.tgz 0ms (cache hit)
73 silly tarball no local data for @emnapi/runtime@https://registry.npmjs.org/@emnapi/runtime/-/runtime-1.8.1.tgz. Extracting by manifest.
74 silly tarball no local data for semver@https://registry.npmjs.org/semver/-/semver-7.7.4.tgz. Extracting by manifest.
75 silly tarball no local data for @img/sharp-win32-x64@https://registry.npmjs.org/@img/sharp-win32-x64/-/sharp-win32-x64-0.34.5.tgz. Extracting by manifest.
76 silly tarball no local data for qrcode-terminal@https://registry.npmjs.org/qrcode-terminal/-/qrcode-terminal-0.12.0.tgz. Extracting by manifest.
77 silly tarball no local data for pino@https://registry.npmjs.org/pino/-/pino-10.3.1.tgz. Extracting by manifest.
78 http cache protobufjs@https://registry.npmjs.org/protobufjs/-/protobufjs-6.8.8.tgz 0ms (cache hit)
79 silly tarball no local data for pino@https://registry.npmjs.org/pino/-/pino-9.14.0.tgz. Extracting by manifest.
80 silly tarball no local data for protobufjs@https://registry.npmjs.org/protobufjs/-/protobufjs-6.8.8.tgz. Extracting by manifest.
81 verbose audit error FetchError: request to https://registry.npmjs.org/-/npm/v1/security/advisories/bulk failed, reason: 
81 verbose audit error     at ClientRequest.<anonymous> (C:\Users\HP\AppData\Roaming\npm\node_modules\npm\node_modules\minipass-fetch\lib\index.js:130:14)
81 verbose audit error     at ClientRequest.emit (node:events:518:28)
81 verbose audit error     at emitErrorEvent (node:_http_client:104:11)
81 verbose audit error     at _destroy (node:_http_client:898:9)
81 verbose audit error     at onSocketNT (node:_http_client:918:5)
81 verbose audit error     at process.processTicksAndRejections (node:internal/process/task_queues:91:21) {
81 verbose audit error   code: 'EACCES',
81 verbose audit error   errno: 'EACCES',
81 verbose audit error   type: 'system'
81 verbose audit error }
82 silly audit error undefined
83 silly audit report null
84 http fetch GET https://registry.npmjs.org/@emnapi/runtime/-/runtime-1.8.1.tgz attempt 1 failed with EACCES
85 http fetch GET https://registry.npmjs.org/semver/-/semver-7.7.4.tgz attempt 1 failed with EACCES
86 http fetch GET https://registry.npmjs.org/@img/sharp-win32-x64/-/sharp-win32-x64-0.34.5.tgz attempt 1 failed with EACCES
87 http fetch GET https://registry.npmjs.org/qrcode-terminal/-/qrcode-terminal-0.12.0.tgz attempt 1 failed with EACCES
88 http fetch GET https://registry.npmjs.org/pino/-/pino-10.3.1.tgz attempt 1 failed with EACCES
89 http fetch GET https://registry.npmjs.org/pino/-/pino-9.14.0.tgz attempt 1 failed with EACCES
90 http fetch GET https://registry.npmjs.org/protobufjs/-/protobufjs-6.8.8.tgz attempt 1 failed with EACCES
91 http fetch GET https://registry.npmjs.org/npm attempt 2 failed with EACCES
92 http fetch GET https://registry.npmjs.org/@emnapi/runtime/-/runtime-1.8.1.tgz attempt 2 failed with EACCES
93 http fetch GET https://registry.npmjs.org/semver/-/semver-7.7.4.tgz attempt 2 failed with EACCES
94 http fetch GET https://registry.npmjs.org/@img/sharp-win32-x64/-/sharp-win32-x64-0.34.5.tgz attempt 2 failed with EACCES
95 http fetch GET https://registry.npmjs.org/qrcode-terminal/-/qrcode-terminal-0.12.0.tgz attempt 2 failed with EACCES
96 http fetch GET https://registry.npmjs.org/pino/-/pino-10.3.1.tgz attempt 2 failed with EACCES
97 http fetch GET https://registry.npmjs.org/pino/-/pino-9.14.0.tgz attempt 2 failed with EACCES
98 http fetch GET https://registry.npmjs.org/protobufjs/-/protobufjs-6.8.8.tgz attempt 2 failed with EACCES
99 http fetch GET https://registry.npmjs.org/npm attempt 3 failed with EACCES
100 http fetch GET https://registry.npmjs.org/@emnapi/runtime/-/runtime-1.8.1.tgz attempt 3 failed with EACCES
101 verbose reify failed optional dependency D:\Projects\RETRIBUSI\retribusi-api\wa-gateway\node_modules\@emnapi\runtime
102 silly reify mark deleted [
102 silly reify   'D:\\Projects\\RETRIBUSI\\retribusi-api\\wa-gateway\\node_modules\\@emnapi\\runtime'
102 silly reify ]
103 verbose reify failed optional dependency D:\Projects\RETRIBUSI\retribusi-api\wa-gateway\node_modules\@img\sharp-wasm32
104 silly reify mark deleted [
104 silly reify   'D:\\Projects\\RETRIBUSI\\retribusi-api\\wa-gateway\\node_modules\\@img\\sharp-wasm32'
104 silly reify ]
105 http fetch GET https://registry.npmjs.org/semver/-/semver-7.7.4.tgz attempt 3 failed with EACCES
106 http fetch GET https://registry.npmjs.org/@img/sharp-win32-x64/-/sharp-win32-x64-0.34.5.tgz attempt 3 failed with EACCES
107 verbose reify failed optional dependency D:\Projects\RETRIBUSI\retribusi-api\wa-gateway\node_modules\@img\sharp-win32-x64
108 silly reify mark deleted [
108 silly reify   'D:\\Projects\\RETRIBUSI\\retribusi-api\\wa-gateway\\node_modules\\@img\\sharp-win32-x64'
108 silly reify ]
109 http fetch GET https://registry.npmjs.org/qrcode-terminal/-/qrcode-terminal-0.12.0.tgz attempt 3 failed with EACCES
110 http fetch GET https://registry.npmjs.org/pino/-/pino-10.3.1.tgz attempt 3 failed with EACCES
111 http fetch GET https://registry.npmjs.org/pino/-/pino-9.14.0.tgz attempt 3 failed with EACCES
112 http fetch GET https://registry.npmjs.org/protobufjs/-/protobufjs-6.8.8.tgz attempt 3 failed with EACCES
113 verbose type system
114 verbose stack FetchError: request to https://registry.npmjs.org/pino/-/pino-9.14.0.tgz failed, reason: 
114 verbose stack     at ClientRequest.<anonymous> (C:\Users\HP\AppData\Roaming\npm\node_modules\npm\node_modules\minipass-fetch\lib\index.js:130:14)
114 verbose stack     at ClientRequest.emit (node:events:518:28)
114 verbose stack     at emitErrorEvent (node:_http_client:104:11)
114 verbose stack     at _destroy (node:_http_client:898:9)
114 verbose stack     at onSocketNT (node:_http_client:918:5)
114 verbose stack     at process.processTicksAndRejections (node:internal/process/task_queues:91:21)
115 error code EACCES
116 error errno EACCES
117 error FetchError: request to https://registry.npmjs.org/pino/-/pino-9.14.0.tgz failed, reason: 
117 error     at ClientRequest.<anonymous> (C:\Users\HP\AppData\Roaming\npm\node_modules\npm\node_modules\minipass-fetch\lib\index.js:130:14)
117 error     at ClientRequest.emit (node:events:518:28)
117 error     at emitErrorEvent (node:_http_client:104:11)
117 error     at _destroy (node:_http_client:898:9)
117 error     at onSocketNT (node:_http_client:918:5)
117 error     at process.processTicksAndRejections (node:internal/process/task_queues:91:21) {
117 error   code: 'EACCES',
117 error   errno: 'EACCES',
117 error   type: 'system'
117 error }
118 error
118 error The operation was rejected by your operating system.
118 error It's possible that the file was already in use (by a text editor or antivirus),
118 error or that you lack permissions to access it.
118 error
118 error If you believe this might be a permissions issue, please double-check the
118 error permissions of the file and its containing directories, or try running
118 error the command again as root/Administrator.
119 silly unfinished npm timer reify 1777381017303
120 silly unfinished npm timer reify:unpack 1777381017483
121 silly unfinished npm timer reifyNode:node_modules/@whiskeysockets/baileys/node_modules/pino 1777381017484
122 silly unfinished npm timer reifyNode:node_modules/semver 1777381017484
123 silly unfinished npm timer reifyNode:node_modules/qrcode-terminal 1777381017484
124 silly unfinished npm timer reifyNode:node_modules/pino 1777381017484
125 silly unfinished npm timer reifyNode:node_modules/libsignal/node_modules/protobufjs 1777381017484
126 verbose cwd D:\Projects\RETRIBUSI\retribusi-api\wa-gateway
127 verbose os Windows_NT 10.0.26200
128 verbose node v22.17.0
129 verbose npm  v11.4.2
130 verbose exit 1
131 verbose code 1
132 error A complete log of this run can be found in: D:\Projects\RETRIBUSI\retribusi-api\wa-gateway\.npm-cache\_logs\2026-04-28T12_56_56_781Z-debug-0.log
